these 3 derivations will be built:
  /nix/store/4x9ll9mhpxd0n3xq535nara1srxsh05h-resolv-conf.drv
  /nix/store/w6pdndpppvmqlcq1qf3qbzp1y2shw13k-runtime-deps.drv
  /nix/store/4j24d5qd7wxqgx88rnp886hspl8fxfb6-initramfs.drv
building '/nix/store/4x9ll9mhpxd0n3xq535nara1srxsh05h-resolv-conf.drv'...
Warning: the host's /etc/resolv.conf is not valid for the guest VM (containing lookback addresses).
Fall back to Cloudflare's public DNS servers (1.1.1.1).
Consider using the DNS_SERVER Makefile variable to specify DNS server explicitly.
For example: make DNS_SERVER="192.168.1.1"
building '/nix/store/w6pdndpppvmqlcq1qf3qbzp1y2shw13k-runtime-deps.drv'...
structuredAttrs is enabled
building '/nix/store/4j24d5qd7wxqgx88rnp886hspl8fxfb6-initramfs.drv'...
/nix/store/qh7qbkks8r1rn5h0amfhw76lfyka44q5-initramfs
this derivation will be built:
  /nix/store/203gqbg82l2linvr2igh9zpsq5cf5428-initramfs-image.drv
building '/nix/store/203gqbg82l2linvr2igh9zpsq5cf5428-initramfs-image.drv'...
/build/tmp.FVHwjfqlfe /build
66617 blocks
/build
/nix/store/d80kg5v8vjfyrvc6svkz2bk72h3k41br-initramfs-image
info: syncing channel updates for nightly-2025-12-06-x86_64-unknown-linux-gnu
info: latest update on 2025-12-06 for version 1.94.0-nightly (1aa9bab4e 2025-12-05)
info: downloading 12 components
  Installing cargo-osdk v0.17.1 (/root/asterinas/osdk)
    Updating crates.io index
     Locking 164 packages to latest Rust 1.94.0-nightly compatible versions
      Adding indicatif v0.17.11 (available: v0.18.6)
      Adding inferno v0.11.21 (available: v0.12.8)
      Adding shlex v1.3.0 (available: v2.0.1)
      Adding syn v2.0.119 (available: v3.0.3)
      Adding toml v0.8.23 (available: v1.1.4+spec-1.1.0)
      Adding whoami v1.6.1 (available: v2.1.2)
 Downloading crates ...
  Downloaded str_stack v0.1.1
  Downloaded env_filter v2.0.0
  Downloaded serde_spanned v0.6.9
  Downloaded rev_buf_reader v0.3.0
  Downloaded toml_datetime v0.6.11
  Downloaded is-terminal v0.4.17
  Downloaded adler32 v1.2.0
  Downloaded libflate_lz77 v2.3.0
  Downloaded zero v0.1.3
  Downloaded defmt-parser v1.0.0
  Downloaded number_prefix v0.4.0
  Downloaded xmas-elf v0.10.0
  Downloaded defmt-macros v1.1.1
  Downloaded thiserror v2.0.19
  Downloaded quote v1.0.47
  Downloaded dashmap v6.2.1
  Downloaded thiserror-impl v2.0.19
  Downloaded fastrand v2.5.0
  Downloaded whoami v1.6.1
  Downloaded bitflags v1.3.2
  Downloaded zmij v1.0.23
  Downloaded autocfg v1.5.1
  Downloaded env_logger v0.11.11
  Downloaded bitflags v2.13.1
  Downloaded dary_heap v0.3.9
  Downloaded toml v0.8.23
  Downloaded libflate v2.3.1
  Downloaded which v8.0.5
  Downloaded toml_write v0.1.2
  Downloaded defmt v1.1.1
  Downloaded clap_derive v4.6.4
  Downloaded arrayvec v0.7.8
  Downloaded crossbeam-utils v0.8.22
  Downloaded console v0.15.11
  Downloaded smallvec v1.15.2
  Downloaded iana-time-zone v0.1.65
  Downloaded no_std_io2 v0.9.4
  Downloaded clap v4.6.4
  Downloaded getrandom v0.4.3
  Downloaded proc-macro2 v1.0.107
  Downloaded log v0.4.33
  Downloaded allocator-api2 v0.2.21
  Downloaded rle-decode-fast v1.0.3
  Downloaded serde_core v1.0.229
  Downloaded num-format v0.4.4
  Downloaded num-traits v0.2.19
  Downloaded serde_derive v1.0.229
  Downloaded bytemuck v1.25.2
  Downloaded indicatif v0.17.11
  Downloaded toml_edit v0.22.27
  Downloaded serde v1.0.229
  Downloaded memchr v2.8.3
  Downloaded crossbeam-channel v0.5.16
  Downloaded zerocopy-derive v0.8.55
  Downloaded quick-xml v0.26.0
  Downloaded inferno v0.11.21
  Downloaded jiff-core v0.1.0
  Downloaded hashbrown v0.14.5
  Downloaded serde_json v1.0.151
  Downloaded regex v1.13.1
  Downloaded clap_builder v4.6.2
  Downloaded portable-atomic v1.14.0
  Downloaded chrono v0.4.45
  Downloaded zerocopy v0.8.55
  Downloaded syn v3.0.3
  Downloaded syn v2.0.119
  Downloaded regex-syntax v0.8.11
  Downloaded regex-automata v0.4.16
  Downloaded jiff v0.2.35
  Downloaded libc v0.2.189
    Finished `release` profile [optimized] target(s) in 2m 06s
  Installing /root/.cargo/bin/cargo-osdk
   Installed package `cargo-osdk v0.17.1 (/root/asterinas/osdk)` (executable `cargo-osdk`)
[Info] [normal] Forwarded QEMU guest port: 54485->22; 59760->8080 55007->6379 32657->5201 39947->31234 43414->31236 7523->11211
[Info] [test] Forwarded QEMU guest port: 64213->22; 23378->8080 42953->6379 44561->5201 22742->31234 3593->31236 34965->11211
    Updating crates.io index
    Updating git repository `https://github.com/asterinas/inherit-methods-macro`
    Updating git repository `https://github.com/asterinas/smoltcp`
    Updating git repository `https://github.com/asterinas/inventory`
    Updating git repository `https://github.com/asterinas/rust-ctor`
 Downloading crates ...
  Downloaded bit_field v0.10.3
  Downloaded darling_macro v0.13.4
  Downloaded ext-trait-proc_macros v1.0.1
  Downloaded lending-iterator-proc_macros v0.1.7
  Downloaded extension-traits v1.0.1
  Downloaded ptr_meta_derive v0.3.1
  Downloaded macro_rules_attribute-proc_macro v0.1.3
  Downloaded opaque-debug v0.3.1
  Downloaded defmt v0.3.100
  Downloaded ptr_meta v0.3.1
  Downloaded subtle v2.4.1
  Downloaded num-conv v0.2.2
  Downloaded time-core v0.1.9
  Downloaded hash32 v0.3.1
  Downloaded never-say-never v6.6.666
  Downloaded universal-hash v0.4.1
  Downloaded memoffset v0.9.1
  Downloaded takeable v0.2.2
  Downloaded getset v0.1.7
  Downloaded ext-trait v1.0.1
  Downloaded tap v1.0.1
  Downloaded powerfmt v0.2.0
  Downloaded nougat-proc_macros v0.2.4
  Downloaded macro_rules_attribute v0.1.3
  Downloaded funty v2.0.0
  Downloaded hash32 v0.2.1
  Downloaded radium v0.7.0
  Downloaded nougat v0.2.4
  Downloaded ghash v0.4.4
  Downloaded managed v0.8.0
  Downloaded volatile v0.4.6
  Downloaded aead v0.4.3
  Downloaded cobs v0.3.0
  Downloaded cipher v0.3.0
  Downloaded konst_macro_rules v0.2.19
  Downloaded ctr v0.8.0
  Downloaded paste v1.0.15
  Downloaded polyval v0.5.3
  Downloaded generic-array v0.14.9
  Downloaded bittle v0.5.7
  Downloaded polonius-the-crab v0.2.1
  Downloaded darling v0.13.4
  Downloaded byteorder v1.5.0
  Downloaded uguid v2.2.1
  Downloaded ghost v0.1.23
  Downloaded lru v0.16.4
  Downloaded wyz v0.5.1
  Downloaded rustversion v1.0.23
  Downloaded const_format_proc_macros v0.2.34
  Downloaded volatile v0.6.1
  Downloaded either v1.17.0
  Downloaded rand_core v0.9.5
  Downloaded tdx-guest v0.2.4
  Downloaded owo-colors v4.3.0
  Downloaded unwinding v0.2.8
  Downloaded acpi v5.2.0
  Downloaded deranged v0.5.8
  Downloaded font8x8 v0.2.7
  Downloaded lending-iterator v0.1.7
  Downloaded spin v0.9.9
  Downloaded postcard v1.1.3
  Downloaded toml v0.7.8
  Downloaded multiboot2 v0.24.1
  Downloaded darling_core v0.13.4
  Downloaded intrusive-collections v0.9.7
  Downloaded uefi-raw v0.12.0
  Downloaded konst v0.2.20
  Downloaded heapless v0.7.17
  Downloaded x86_64 v0.14.13
  Downloaded heapless v0.8.0
  Downloaded const_format v0.2.36
  Downloaded toml_edit v0.19.15
  Downloaded json v0.12.4
  Downloaded raw-cpuid v10.7.0
  Downloaded rand v0.9.5
  Downloaded aes v0.7.5
  Downloaded typenum v1.20.1
  Downloaded aes-gcm v0.9.4
  Downloaded winnow v0.5.40
  Downloaded bitvec v1.1.1
  Downloaded gimli v0.28.1
  Downloaded time v0.3.54
  Downloaded gimli v0.32.3
  Downloaded multiboot2-common v0.3.0
  Downloaded x86 v0.52.0
    Updating crates.io index
 Downloading crates ...
  Downloaded getopts v0.2.24
  Downloaded rustc-literal-escaper v0.0.5
   Compiling compiler_builtins v0.1.160 (/root/.rustup/toolchains/nightly-2025-12-06-x86_64-unknown-linux-gnu/lib/rustlib/src/rust/library/compiler-builtins/compiler-builtins)
   Compiling core v0.0.0 (/root/.rustup/toolchains/nightly-2025-12-06-x86_64-unknown-linux-gnu/lib/rustlib/src/rust/library/core)
   Compiling zerocopy v0.8.55
   Compiling thiserror v2.0.19
   Compiling radium v0.7.0
   Compiling memoffset v0.9.1
   Compiling num-traits v0.2.19
   Compiling x86 v0.52.0
   Compiling generic-array v0.14.9
   Compiling serde_core v1.0.229
   Compiling heapless v0.8.0
   Compiling serde v1.0.229
   Compiling smoltcp v0.11.0 (https://github.com/asterinas/smoltcp?tag=r_2024-11-08_f07e5b5#b10671de)
   Compiling ahash v0.8.12
   Compiling heapless v0.7.17
   Compiling owo-colors v4.3.0
   Compiling crc32fast v1.5.0
   Compiling alloc v0.0.0 (/root/.rustup/toolchains/nightly-2025-12-06-x86_64-unknown-linux-gnu/lib/rustlib/src/rust/library/alloc)
   Compiling cfg-if v1.0.4
   Compiling scopeguard v1.2.0
   Compiling log v0.4.33
   Compiling bitflags v2.13.1
   Compiling bitflags v1.3.2
   Compiling lock_api v0.4.14
   Compiling bit_field v0.10.3
   Compiling tap v1.0.1
   Compiling raw-cpuid v10.7.0
   Compiling wyz v0.5.1
   Compiling uguid v2.2.1
   Compiling spin v0.9.9
   Compiling funty v2.0.0
   Compiling ptr_meta v0.3.1
   Compiling volatile v0.4.6
   Compiling x86_64 v0.14.13
   Compiling multiboot2-common v0.3.0
   Compiling uefi-raw v0.12.0
   Compiling lazy_static v1.5.0
   Compiling gimli v0.32.3
   Compiling iced-x86 v1.21.0
   Compiling int-to-c-enum v0.1.0 (/root/asterinas/ostd/libs/int-to-c-enum)
warning: unstable feature specified for `-Ctarget-feature`: `ermsb`
  |
  = note: this feature is not stably supported; its behavior can change in the future

warning: `int-to-c-enum` (lib) generated 1 warning
   Compiling intrusive-collections v0.9.7
   Compiling bitvec v1.1.1
   Compiling acpi v5.2.0
   Compiling ostd-test v0.17.1 (/root/asterinas/ostd/libs/ostd-test)
warning: `ostd-test` (lib) generated 1 warning (1 duplicate)
   Compiling unwinding v0.2.8
   Compiling smallvec v1.15.2
   Compiling align_ext v0.1.0 (/root/asterinas/ostd/libs/align_ext)
warning: `align_ext` (lib) generated 1 warning (1 duplicate)
   Compiling volatile v0.6.1
   Compiling gimli v0.28.1
   Compiling linux-boot-params v0.17.1 (/root/asterinas/ostd/libs/linux-bzimage/boot-params)
warning: `linux-boot-params` (lib) generated 1 warning (1 duplicate)
   Compiling inventory v0.3.3 (https://github.com/asterinas/inventory?rev=9dce587#9dce5871)
   Compiling component v0.1.0 (/root/asterinas/kernel/libs/comp-sys/component)
   Compiling typeflags-util v0.1.0 (/root/asterinas/kernel/libs/typeflags-util)
warning: `typeflags-util` (lib) generated 1 warning (1 duplicate)
   Compiling aster-rights v0.1.0 (/root/asterinas/kernel/libs/aster-rights)
warning: `aster-rights` (lib) generated 1 warning (1 duplicate)
   Compiling multiboot2 v0.24.1
   Compiling byteorder v1.5.0
   Compiling typenum v1.20.1
warning: `component` (lib) generated 1 warning (1 duplicate)
   Compiling stable_deref_trait v1.2.1
   Compiling allocator-api2 v0.2.21
   Compiling id-alloc v0.1.0 (/root/asterinas/ostd/libs/id-alloc)
   Compiling hash32 v0.3.1
   Compiling foldhash v0.2.0
   Compiling cpufeatures v0.2.17
   Compiling subtle v2.4.1
   Compiling equivalent v1.0.2
warning: `id-alloc` (lib) generated 1 warning (1 duplicate)
   Compiling opaque-debug v0.3.1
   Compiling font8x8 v0.2.7
   Compiling hashbrown v0.16.1
   Compiling universal-hash v0.4.1
   Compiling cipher v0.3.0
   Compiling macro_rules_attribute v0.1.3
   Compiling tdx-guest v0.2.4
   Compiling ostd-pod v0.4.0 (/root/asterinas/ostd/libs/ostd-pod)
   Compiling managed v0.8.0
   Compiling ext-trait v1.0.1
   Compiling memchr v2.8.3
warning: `ostd-pod` (lib) generated 1 warning (1 duplicate)
   Compiling extension-traits v1.0.1
   Compiling nougat v0.2.4
   Compiling polyval v0.5.3
   Compiling hash32 v0.2.1
   Compiling ostd v0.17.1 (/root/asterinas/ostd)
   Compiling never-say-never v6.6.666
   Compiling polonius-the-crab v0.2.1
   Compiling once_cell v1.21.4
   Compiling takeable v0.2.2
   Compiling jhash v0.1.0 (/root/asterinas/kernel/libs/jhash)
   Compiling lending-iterator v0.1.7
warning: `jhash` (lib) generated 1 warning (1 duplicate)
   Compiling no_std_io2 v0.9.4
   Compiling ghash v0.4.4
   Compiling ctr v0.8.0
   Compiling aes v0.7.5
   Compiling ppv-lite86 v0.2.21
   Compiling aead v0.4.3
   Compiling cobs v0.3.0
   Compiling konst_macro_rules v0.2.19
   Compiling rand_core v0.9.5
   Compiling rle-decode-fast v1.0.3
   Compiling konst v0.2.20
   Compiling rand_chacha v0.9.0
   Compiling libflate_lz77 v2.3.0
   Compiling aes-gcm v0.9.4
   Compiling lru v0.16.4
   Compiling deranged v0.5.8
   Compiling num-conv v0.2.2
   Compiling powerfmt v0.2.0
   Compiling adler32 v1.2.0
   Compiling bittle v0.5.7
   Compiling time-core v0.1.9
   Compiling dary_heap v0.3.9
   Compiling zero v0.1.3
   Compiling libflate v2.3.1
   Compiling const_format v0.2.36
   Compiling xmas-elf v0.10.0
   Compiling hashbrown v0.14.5
   Compiling rand v0.9.5
   Compiling cpio-decoder v0.1.0 (/root/asterinas/kernel/libs/cpio-decoder)
   Compiling time v0.3.54
   Compiling keyable-arc v0.1.0 (/root/asterinas/kernel/libs/keyable-arc)
warning: `cpio-decoder` (lib) generated 1 warning (1 duplicate)
   Compiling logo-ascii-art v0.1.0 (/root/asterinas/kernel/libs/logo-ascii-art)
warning: `keyable-arc` (lib) generated 1 warning (1 duplicate)
warning: `logo-ascii-art` (lib) generated 1 warning (1 duplicate)
   Compiling postcard v1.1.3
   Compiling osdk-heap-allocator v0.17.1 (/root/asterinas/osdk/deps/heap-allocator)
   Compiling aster-console v0.1.0 (/root/asterinas/kernel/comps/console)
   Compiling aster-input v0.1.0 (/root/asterinas/kernel/comps/input)
   Compiling aster-cmdline v0.1.0 (/root/asterinas/kernel/comps/cmdline)
   Compiling aster-pci v0.1.0 (/root/asterinas/kernel/comps/pci)
   Compiling osdk-frame-allocator v0.17.1 (/root/asterinas/osdk/deps/frame-allocator)
   Compiling ring-buffer v0.1.0 (/root/asterinas/kernel/libs/ring-buffer)
warning: `ring-buffer` (lib) generated 1 warning (1 duplicate)
   Compiling xarray v0.1.0 (/root/asterinas/kernel/libs/xarray)
warning: `osdk-frame-allocator` (lib) generated 1 warning (1 duplicate)
   Compiling aster-util v0.1.0 (/root/asterinas/kernel/libs/aster-util)
warning: `xarray` (lib) generated 1 warning (1 duplicate)
   Compiling aster-i8042 v0.1.0 (/root/asterinas/kernel/comps/i8042)
warning: `aster-console` (lib) generated 1 warning (1 duplicate)
   Compiling aster-framebuffer v0.1.0 (/root/asterinas/kernel/comps/framebuffer)
warning: `aster-input` (lib) generated 1 warning (1 duplicate)
   Compiling aster-uart v0.1.0 (/root/asterinas/kernel/comps/uart)
warning: `osdk-heap-allocator` (lib) generated 1 warning (1 duplicate)
   Compiling device-id v0.1.0 (/root/asterinas/kernel/libs/device-id)
warning: `aster-cmdline` (lib) generated 1 warning (1 duplicate)
   Compiling aster-softirq v0.1.0 (/root/asterinas/kernel/comps/softirq)
warning: `aster-uart` (lib) generated 1 warning (1 duplicate)
   Compiling aster-systree v0.1.0 (/root/asterinas/kernel/comps/systree)
warning: `aster-pci` (lib) generated 1 warning (1 duplicate)
   Compiling aster-time v0.1.0 (/root/asterinas/kernel/comps/time)
warning: `device-id` (lib) generated 1 warning (1 duplicate)
   Compiling aster-block v0.1.0 (/root/asterinas/kernel/comps/block)
warning: `aster-framebuffer` (lib) generated 1 warning (1 duplicate)
   Compiling aster-logger v0.1.0 (/root/asterinas/kernel/comps/logger)
warning: `aster-util` (lib) generated 1 warning (1 duplicate)
warning: `aster-logger` (lib) generated 1 warning (1 duplicate)
   Compiling aster-bigtcp v0.1.0 (/root/asterinas/kernel/libs/aster-bigtcp)
warning: `aster-softirq` (lib) generated 1 warning (1 duplicate)
warning: `aster-time` (lib) generated 1 warning (1 duplicate)
warning: `aster-i8042` (lib) generated 1 warning (1 duplicate)
warning: `aster-systree` (lib) generated 1 warning (1 duplicate)
   Compiling aster-mlsdisk v0.1.0 (/root/asterinas/kernel/comps/mlsdisk)
warning: `ostd` (lib) generated 1 warning (1 duplicate)
warning: `aster-block` (lib) generated 1 warning (1 duplicate)
   Compiling aster-network v0.1.0 (/root/asterinas/kernel/comps/network)
warning: `aster-bigtcp` (lib) generated 1 warning (1 duplicate)
   Compiling aster-virtio v0.1.0 (/root/asterinas/kernel/comps/virtio)
warning: `aster-network` (lib) generated 1 warning (1 duplicate)
   Compiling aster-kernel v0.1.0 (/root/asterinas/kernel)
warning: `aster-virtio` (lib) generated 1 warning (1 duplicate)
warning: `aster-mlsdisk` (lib) generated 1 warning (1 duplicate)
warning: function `virtio_iface` is never used
  --> /root/asterinas/kernel/src/net/iface/init.rs:31:8
   |
31 | pub fn virtio_iface() -> Option<&'static Arc<Iface>> {
   |        ^^^^^^^^^^^^
   |
   = note: `#[warn(dead_code)]` (part of `#[warn(unused)]`) on by default

warning: `aster-kernel` (lib) generated 2 warnings (1 duplicate)
   Compiling aster-kernel-osdk-bin v0.1.0 (/root/asterinas/target/osdk/aster-kernel-run-base)
warning: `aster-kernel-osdk-bin` (bin "aster-kernel-osdk-bin") generated 1 warning (1 duplicate)
    Finished `release` profile [optimized] target(s) in 2m 34s
grub-mkrescue: warning: cannot open directory `/usr/local/grub/share/locale': No such file or directory.
xorriso 1.5.6 : RockRidge filesystem manipulator, libburnia project.

Drive current: -outdev 'stdio:/root/asterinas/target/osdk/aster-kernel-osdk-bin.iso'
Media current: stdio file, overwriteable
Media status : is blank
Media summary: 0 sessions, 0 data blocks, 0 data,  127g free
Added to ISO image: directory '/'='/tmp/grub.gW9bev'
xorriso : UPDATE :     298 files added in 1 seconds
Added to ISO image: directory '/'='/root/asterinas/target/osdk/iso_root'
xorriso : UPDATE :     303 files added in 1 seconds
ISO image produced: 13910 sectors
Written to medium : 13910 sectors at LBA 0
Writing to 'stdio:/root/asterinas/target/osdk/aster-kernel-osdk-bin.iso' completed successfully.

qemu-system-x86_64: warning: host doesn't support requested feature: CPUID[eax=01h].ECX.pcid [bit 17]
qemu-system-x86_64: warning: host doesn't support requested feature: CPUID[eax=07h,ecx=00h].EBX.hle [bit 4]
qemu-system-x86_64: warning: host doesn't support requested feature: CPUID[eax=07h,ecx=00h].EBX.rtm [bit 11]
qemu-system-x86_64: warning: host doesn't support requested feature: CPUID[eax=07h,ecx=00h].ECX.la57 [bit 16]
qemu-system-x86_64: warning: host doesn't support requested feature: CPUID[eax=07h,ecx=00h].EDX.spec-ctrl [bit 26]
qemu-system-x86_64: warning: host doesn't support requested feature: CPUID[eax=80000001h].ECX.cmp-legacy [bit 1]
qemu-system-x86_64: warning: host doesn't support requested feature: CPUID[eax=01h].ECX.pcid [bit 17]
qemu-system-x86_64: warning: host doesn't support requested feature: CPUID[eax=07h,ecx=00h].EBX.hle [bit 4]
qemu-system-x86_64: warning: host doesn't support requested feature: CPUID[eax=07h,ecx=00h].EBX.rtm [bit 11]
qemu-system-x86_64: warning: host doesn't support requested feature: CPUID[eax=07h,ecx=00h].ECX.la57 [bit 16]
qemu-system-x86_64: warning: host doesn't support requested feature: CPUID[eax=07h,ecx=00h].EDX.spec-ctrl [bit 26]
qemu-system-x86_64: warning: host doesn't support requested feature: CPUID[eax=80000001h].ECX.cmp-legacy [bit 1]
qemu-system-x86_64: warning: host doesn't support requested feature: CPUID[eax=01h].ECX.pcid [bit 17]
qemu-system-x86_64: warning: host doesn't support requested feature: CPUID[eax=07h,ecx=00h].EBX.hle [bit 4]
qemu-system-x86_64: warning: host doesn't support requested feature: CPUID[eax=07h,ecx=00h].EBX.rtm [bit 11]
qemu-system-x86_64: warning: host doesn't support requested feature: CPUID[eax=07h,ecx=00h].ECX.la57 [bit 16]
qemu-system-x86_64: warning: host doesn't support requested feature: CPUID[eax=07h,ecx=00h].EDX.spec-ctrl [bit 26]
qemu-system-x86_64: warning: host doesn't support requested feature: CPUID[eax=80000001h].ECX.cmp-legacy [bit 1]
qemu-system-x86_64: warning: host doesn't support requested feature: CPUID[eax=01h].ECX.pcid [bit 17]
qemu-system-x86_64: warning: host doesn't support requested feature: CPUID[eax=07h,ecx=00h].EBX.hle [bit 4]
qemu-system-x86_64: warning: host doesn't support requested feature: CPUID[eax=07h,ecx=00h].EBX.rtm [bit 11]
qemu-system-x86_64: warning: host doesn't support requested feature: CPUID[eax=07h,ecx=00h].ECX.la57 [bit 16]
qemu-system-x86_64: warning: host doesn't support requested feature: CPUID[eax=07h,ecx=00h].EDX.spec-ctrl [bit 26]
qemu-system-x86_64: warning: host doesn't support requested feature: CPUID[eax=80000001h].ECX.cmp-legacy [bit 1]
[2J[01;01H[=3h[2J[01;01H[2J[01;01H[8;042;160t0[2J[01;01H[2J[01;01H[8;056;240t0[2J[01;01HBdsDxe: loading Boot0002 "UEFI QEMU DVD-ROM QM00005 " from PciRoot(0x0)/Pci(0x1F,0x2)/Sata(0x2,0xFFFF,0x0)
BdsDxe: starting Boot0002 "UEFI QEMU DVD-ROM QM00005 " from PciRoot(0x0)/Pci(0x1F,0x2)/Sata(0x2,0xFFFF,0x0)
WARNING: no console will be available to OS

error: no suitable video mode found.

OSTD initialized. Preparing components.
netfilter-stage2a: multi-nic enumeration passed
Spawn the first kernel thread
[kernel] unpacking initramfs.cpio.gz to rootfs ...
[kernel] rootfs is ready

                                  [38;2;87;180;249m.[39m[38;2;89;185;249m.[39m[38;2;91;189;250m.[39m[38;2;93;193;250m.[39m[38;2;94;197;250m.[39m[38;2;96;201;250m.[39m
                                [38;2;83;172;249m.[39m[38;2;85;176;249m-[39m[38;2;87;180;249m+[39m[38;2;89;185;249m+[39m[38;2;91;189;250m+[39m[38;2;93;193;250m+[39m[38;2;94;197;250m=[39m[38;2;96;201;250m:[39m
                               [38;2;82;168;249m.[39m[38;2;83;172;249m=[39m[38;2;85;176;249m+[39m[38;2;87;180;249m+[39m[38;2;89;185;249m+[39m[38;2;91;189;250m+[39m[38;2;93;193;250m+[39m[38;2;94;197;250m=[39m[38;2;96;201;250m:[39m
                              [38;2;80;163;249m:[39m[38;2;82;168;249m+[39m[38;2;83;172;249m+[39m[38;2;85;176;249m+[39m[38;2;87;180;249m+[39m[38;2;89;185;249m+[39m[38;2;91;189;250m+[39m[38;2;93;193;250m+[39m[38;2;94;197;250m=[39m[38;2;96;201;250m:[39m
                            [38;2;76;155;248m.[39m[38;2;78;159;248m-[39m[38;2;80;163;249m+[39m[38;2;82;168;249m+[39m[38;2;83;172;249m+[39m[38;2;85;176;249m+[39m[38;2;87;180;249m+[39m[38;2;89;185;249m+[39m[38;2;91;189;250m+[39m[38;2;93;193;250m+[39m[38;2;94;197;250m=[39m[38;2;96;201;250m.[39m
                           [38;2;74;151;248m.[39m[38;2;76;155;248m=[39m[38;2;78;159;248m*[39m[38;2;80;163;249m*[39m[38;2;82;168;249m+[39m[38;2;83;172;249m+[39m[38;2;85;176;249m=[39m[38;2;87;180;249m=[39m[38;2;89;185;249m+[39m[38;2;91;189;250m+[39m[38;2;93;193;250m+[39m[38;2;94;197;250m=[39m[38;2;96;201;250m.[39m
                          [38;2;73;147;248m:[39m[38;2;74;151;248m*[39m[38;2;76;155;248m*[39m[38;2;78;159;248m*[39m[38;2;80;163;249m*[39m[38;2;82;168;249m+[39m[38;2;83;172;249m-[39m[38;2;85;176;249m.[39m[38;2;87;180;249m=[39m[38;2;89;185;249m+[39m[38;2;91;189;250m+[39m[38;2;93;193;250m+[39m[38;2;94;197;250m=[39m[38;2;96;201;250m.[39m
                        [38;2;69;138;248m.[39m[38;2;71;142;248m=[39m[38;2;73;147;248m*[39m[38;2;74;151;248m*[39m[38;2;76;155;248m*[39m[38;2;78;159;248m*[39m[38;2;80;163;249m+[39m[38;2;82;168;249m:[39m [38;2;85;176;249m.[39m[38;2;87;180;249m+[39m[38;2;89;185;249m+[39m[38;2;91;189;250m+[39m[38;2;93;193;250m+[39m[38;2;94;197;250m=[39m[38;2;96;201;250m.[39m
                       [38;2;67;134;248m.[39m[38;2;69;138;248m+[39m[38;2;71;142;248m*[39m[38;2;73;147;248m*[39m[38;2;74;151;248m*[39m[38;2;76;155;248m*[39m[38;2;78;159;248m=[39m[38;2;80;163;249m.[39m  [38;2;85;176;249m.[39m[38;2;87;180;249m+[39m[38;2;89;185;249m+[39m[38;2;91;189;250m+[39m[38;2;93;193;250m+[39m[38;2;94;197;250m-[39m
                     [38;2;63;125;247m.[39m[38;2;65;130;247m-[39m[38;2;67;134;248m*[39m[38;2;69;138;248m*[39m[38;2;71;142;248m*[39m[38;2;73;147;248m*[39m[38;2;74;151;248m*[39m[38;2;76;155;248m=[39m[38;2;78;159;248m.[39m   [38;2;85;176;249m:[39m[38;2;87;180;249m+[39m[38;2;89;185;249m+[39m[38;2;91;189;250m+[39m[38;2;93;193;250m+[39m[38;2;94;197;250m-[39m
    [38;2;33;54;245m.[39m[38;2;34;58;245m:[39m[38;2;36;62;245m:[39m[38;2;38;66;245m-[39m[38;2;40;70;245m=[39m[38;2;42;75;245m=[39m[38;2;43;79;245m=[39m[38;2;45;83;246m=[39m[38;2;47;87;246m=[39m[38;2;49;92;246m=[39m[38;2;51;96;246m=[39m[38;2;53;100;246m=[39m[38;2;54;104;246m=[39m[38;2;56;108;247m=[39m[38;2;58;113;247m=[39m[38;2;60;117;247m=[39m[38;2;62;121;247m=[39m[38;2;63;125;247m+[39m[38;2;65;130;247m*[39m[38;2;67;134;248m*[39m[38;2;69;138;248m*[39m[38;2;71;142;248m*[39m[38;2;73;147;248m*[39m[38;2;74;151;248m+[39m[38;2;76;155;248m-[39m[38;2;78;159;248m-[39m[38;2;80;163;249m-[39m[38;2;82;168;249m-[39m[38;2;83;172;249m-[39m[38;2;85;176;249m=[39m[38;2;87;180;249m+[39m[38;2;89;185;249m+[39m[38;2;91;189;250m+[39m[38;2;93;193;250m+[39m[38;2;94;197;250m=[39m[38;2;96;201;250m-[39m[38;2;98;206;250m:[39m[38;2;100;210;250m:[39m[38;2;102;214;251m:[39m[38;2;103;218;251m:[39m[38;2;105;223;251m:[39m[38;2;107;227;251m:[39m[38;2;109;231;251m:[39m[38;2;111;235;251m.[39m
        [38;2;40;70;245m.[39m[38;2;42;75;245m.[39m[38;2;43;79;245m:[39m[38;2;45;83;246m-[39m[38;2;47;87;246m*[39m[38;2;49;92;246m#[39m[38;2;51;96;246m#[39m[38;2;53;100;246m#[39m[38;2;54;104;246m#[39m[38;2;56;108;247m#[39m[38;2;58;113;247m#[39m[38;2;60;117;247m#[39m[38;2;62;121;247m#[39m[38;2;63;125;247m#[39m[38;2;65;130;247m*[39m[38;2;67;134;248m*[39m[38;2;69;138;248m*[39m[38;2;71;142;248m*[39m[38;2;73;147;248m*[39m[38;2;74;151;248m*[39m[38;2;76;155;248m*[39m[38;2;78;159;248m*[39m[38;2;80;163;249m*[39m[38;2;82;168;249m+[39m[38;2;83;172;249m+[39m[38;2;85;176;249m+[39m[38;2;87;180;249m+[39m[38;2;89;185;249m+[39m[38;2;91;189;250m+[39m[38;2;93;193;250m+[39m[38;2;94;197;250m=[39m[38;2;96;201;250m=[39m[38;2;98;206;250m=[39m[38;2;100;210;250m=[39m[38;2;102;214;251m=[39m[38;2;103;218;251m=[39m[38;2;105;223;251m=[39m[38;2;107;227;251m:[39m[38;2;109;231;251m.[39m
              [38;2;51;96;246m.[39m[38;2;53;100;246m:[39m[38;2;54;104;246m+[39m[38;2;56;108;247m*[39m[38;2;58;113;247m#[39m[38;2;60;117;247m#[39m[38;2;62;121;247m#[39m[38;2;63;125;247m#[39m[38;2;65;130;247m#[39m[38;2;67;134;248m*[39m[38;2;69;138;248m*[39m[38;2;71;142;248m*[39m[38;2;73;147;248m*[39m[38;2;74;151;248m+[39m[38;2;76;155;248m+[39m[38;2;78;159;248m+[39m[38;2;80;163;249m+[39m[38;2;82;168;249m+[39m[38;2;83;172;249m+[39m[38;2;85;176;249m+[39m[38;2;87;180;249m+[39m[38;2;89;185;249m+[39m[38;2;91;189;250m+[39m[38;2;93;193;250m+[39m[38;2;94;197;250m=[39m[38;2;96;201;250m=[39m[38;2;98;206;250m=[39m[38;2;100;210;250m=[39m[38;2;102;214;251m=[39m[38;2;103;218;251m-[39m[38;2;105;223;251m.[39m[38;2;107;227;251m.[39m
                 [38;2;56;108;247m.[39m[38;2;58;113;247m.[39m[38;2;60;117;247m-[39m[38;2;62;121;247m+[39m[38;2;63;125;247m#[39m[38;2;65;130;247m*[39m[38;2;67;134;248m*[39m[38;2;69;138;248m*[39m[38;2;71;142;248m*[39m[38;2;73;147;248m*[39m[38;2;74;151;248m*[39m[38;2;76;155;248m=[39m[38;2;78;159;248m.[39m[38;2;80;163;249m.[39m  [38;2;85;176;249m-[39m[38;2;87;180;249m+[39m[38;2;89;185;249m+[39m[38;2;91;189;250m+[39m[38;2;93;193;250m+[39m[38;2;94;197;250m.[39m
                [38;2;54;104;246m-[39m[38;2;56;108;247m+[39m[38;2;58;113;247m=[39m[38;2;60;117;247m.[39m[38;2;62;121;247m.[39m[38;2;63;125;247m.[39m[38;2;65;130;247m:[39m[38;2;67;134;248m*[39m[38;2;69;138;248m*[39m[38;2;71;142;248m*[39m[38;2;73;147;248m*[39m[38;2;74;151;248m*[39m[38;2;76;155;248m*[39m[38;2;78;159;248m*[39m[38;2;80;163;249m=[39m[38;2;82;168;249m.[39m[38;2;83;172;249m.[39m[38;2;85;176;249m=[39m[38;2;87;180;249m+[39m[38;2;89;185;249m+[39m[38;2;91;189;250m+[39m[38;2;93;193;250m+[39m[38;2;94;197;250m.[39m
              [38;2;51;96;246m.[39m[38;2;53;100;246m+[39m[38;2;54;104;246m*[39m[38;2;56;108;247m+[39m[38;2;58;113;247m+[39m[38;2;60;117;247m+[39m[38;2;62;121;247m=[39m[38;2;63;125;247m.[39m [38;2;67;134;248m.[39m[38;2;69;138;248m.[39m[38;2;71;142;248m=[39m[38;2;73;147;248m*[39m[38;2;74;151;248m*[39m[38;2;76;155;248m*[39m[38;2;78;159;248m*[39m[38;2;80;163;249m*[39m[38;2;82;168;249m+[39m[38;2;83;172;249m-[39m[38;2;85;176;249m=[39m[38;2;87;180;249m+[39m[38;2;89;185;249m+[39m[38;2;91;189;250m+[39m[38;2;93;193;250m+[39m[38;2;94;197;250m.[39m
            [38;2;47;87;246m.[39m[38;2;49;92;246m:[39m[38;2;51;96;246m*[39m[38;2;53;100;246m*[39m[38;2;54;104;246m*[39m[38;2;56;108;247m+[39m[38;2;58;113;247m=[39m[38;2;60;117;247m.[39m[38;2;62;121;247m.[39m     [38;2;73;147;248m.[39m[38;2;74;151;248m-[39m[38;2;76;155;248m+[39m[38;2;78;159;248m*[39m[38;2;80;163;249m*[39m[38;2;82;168;249m+[39m[38;2;83;172;249m+[39m[38;2;85;176;249m+[39m[38;2;87;180;249m+[39m[38;2;89;185;249m+[39m[38;2;91;189;250m+[39m[38;2;93;193;250m=[39m[38;2;94;197;250m.[39m
           [38;2;45;83;246m.[39m[38;2;47;87;246m-[39m[38;2;49;92;246m*[39m[38;2;51;96;246m*[39m[38;2;53;100;246m*[39m[38;2;54;104;246m+[39m[38;2;56;108;247m:[39m          [38;2;76;155;248m.[39m[38;2;78;159;248m-[39m[38;2;80;163;249m+[39m[38;2;82;168;249m+[39m[38;2;83;172;249m+[39m[38;2;85;176;249m+[39m[38;2;87;180;249m+[39m[38;2;89;185;249m+[39m[38;2;91;189;250m+[39m[38;2;93;193;250m=[39m
          [38;2;43;79;245m.[39m[38;2;45;83;246m*[39m[38;2;47;87;246m#[39m[38;2;49;92;246m*[39m[38;2;51;96;246m=[39m[38;2;53;100;246m.[39m              [38;2;80;163;249m.[39m[38;2;82;168;249m=[39m[38;2;83;172;249m+[39m[38;2;85;176;249m+[39m[38;2;87;180;249m+[39m[38;2;89;185;249m+[39m[38;2;91;189;250m+[39m[38;2;93;193;250m=[39m
        [38;2;40;70;245m.[39m[38;2;42;75;245m-[39m[38;2;43;79;245m*[39m[38;2;45;83;246m#[39m[38;2;47;87;246m+[39m[38;2;49;92;246m.[39m[38;2;51;96;246m.[39m                [38;2;82;168;249m.[39m[38;2;83;172;249m:[39m[38;2;85;176;249m=[39m[38;2;87;180;249m+[39m[38;2;89;185;249m+[39m[38;2;91;189;250m+[39m[38;2;93;193;250m-[39m
       [38;2;38;66;245m.[39m[38;2;40;70;245m=[39m[38;2;42;75;245m#[39m[38;2;43;79;245m=[39m[38;2;45;83;246m.[39m                     [38;2;85;176;249m.[39m[38;2;87;180;249m=[39m[38;2;89;185;249m+[39m[38;2;91;189;250m+[39m[38;2;93;193;250m-[39m
      [38;2;36;62;245m:[39m[38;2;38;66;245m*[39m[38;2;40;70;245m=[39m[38;2;42;75;245m.[39m                         [38;2;89;185;249m.[39m[38;2;91;189;250m.[39m[38;2;93;193;250m.[39m
    [38;2;33;54;245m.[39m[38;2;34;58;245m:[39m[38;2;36;62;245m-[39m[38;2;38;66;245m.[39m [38;2;42;75;245mP[39m[38;2;43;79;245mr[39m[38;2;45;83;246me[39m[38;2;47;87;246ms[39m[38;2;49;92;246me[39m[38;2;51;96;246mn[39m[38;2;53;100;246mt[39m[38;2;54;104;246me[39m[38;2;56;108;247md[39m [38;2;60;117;247mb[39m[38;2;62;121;247my[39m [38;2;65;130;247mt[39m[38;2;67;134;248mh[39m[38;2;69;138;248me[39m [38;2;73;147;248mA[39m[38;2;74;151;248ms[39m[38;2;76;155;248mt[39m[38;2;78;159;248me[39m[38;2;80;163;249mr[39m[38;2;82;168;249mi[39m[38;2;83;172;249mn[39m[38;2;85;176;249ma[39m[38;2;87;180;249ms[39m [38;2;91;189;250md[39m[38;2;93;193;250me[39m[38;2;94;197;250mv[39m[38;2;96;201;250me[39m[38;2;98;206;250ml[39m[38;2;100;210;250mo[39m[38;2;102;214;251mp[39m[38;2;103;218;251me[39m[38;2;105;223;251mr[39m[38;2;107;227;251ms[39m
    [38;2;33;54;245m.[39m[38;2;34;58;245m.[39m [38;2;38;66;245mR[39m[38;2;40;70;245me[39m[38;2;42;75;245ml[39m[38;2;43;79;245me[39m[38;2;45;83;246ma[39m[38;2;47;87;246ms[39m[38;2;49;92;246me[39m[38;2;51;96;246md[39m [38;2;54;104;246mu[39m[38;2;56;108;247mn[39m[38;2;58;113;247md[39m[38;2;60;117;247me[39m[38;2;62;121;247mr[39m [38;2;65;130;247mM[39m[38;2;67;134;248mo[39m[38;2;69;138;248mz[39m[38;2;71;142;248mi[39m[38;2;73;147;248ml[39m[38;2;74;151;248ml[39m[38;2;76;155;248ma[39m [38;2;80;163;249mP[39m[38;2;82;168;249mu[39m[38;2;83;172;249mb[39m[38;2;85;176;249ml[39m[38;2;87;180;249mi[39m[38;2;89;185;249mc[39m [38;2;93;193;250mL[39m[38;2;94;197;250mi[39m[38;2;96;201;250mc[39m[38;2;98;206;250me[39m[38;2;100;210;250mn[39m[38;2;102;214;251ms[39m[38;2;103;218;251me[39m [38;2;107;227;251mv[39m[38;2;109;231;251m2[39m[38;2;111;235;251m.[39m[38;2;113;240;252m0[39m

Successfully booted.

[